[
  "
 foo / bar \\uffff	"\ and you can't escape thi\s"
]
